~~2.0
MIX
 3 
0
 11.6 
-0.8 
 0 
 0.36 
 0.35 
 1 
 2 
 0.34 
 0.33 
 123 
 123 
 3.78 
DeltaAir
 0 
None
 0 
 0 
%
1
 29.9 
 0 
 0 
 0 
 0 
 0 
 0 
 0 
 0 
 0 
 0 
-14.26 
DeltaPDB
 0 
N/A ... ... ...
 0 
 0 
0
7
 26.6 
 0 
 0 
 1 
 1 
 0 
 0 
 0 
 0 
 0 
 0 
 2.9 
DeltaCDT
-1000 
DeltaCDT
 0 
 0 
0
1
